[account.amgaka.com/index.html]
[backblue.gif]
[fade.gif]
[index.html]
[cdn.weglot.com/weglot.min.js]
[account.amgaka.com/auth/password/reset0849.html]
[account.amgaka.com/auth/register/member.html]
[account.amgaka.com/auth/register/interpreter.html]
[account.amgaka.com/publics/dist/media/patterns/header-bg.png]
[account.amgaka.com/auth/login.html]
[account.amgaka.com/publics/img/logo_white.png]
[account.amgaka.com/publics/dist/plugins/global/plugins.bundle.js]
[account.amgaka.com/publics/dist/js/scripts.bundle.js]
[account.amgaka.com/publics/js/dropify.js]
[account.amgaka.com/publics/js/alertify.js]
[account.amgaka.com/publics/js/waitMe.min.js]
[account.amgaka.com/publics/js/inits.js]
[account.amgaka.com/publics/js/load_datas_object.js]
[account.amgaka.com/index.html]
[account.amgaka.com/publics/img/favicon.svg]
[fonts.googleapis.com/css6079.css]
[account.amgaka.com/publics/dist/plugins/global/fonts/keenicons/keenicons-duotone﹖eut7fk.eot]
[account.amgaka.com/publics/dist/plugins/global/fonts/keenicons/keenicons-duotone﹖eut7fk.ttf]
[account.amgaka.com/publics/dist/plugins/global/fonts/keenicons/keenicons-duotone﹖eut7fk.woff]
[account.amgaka.com/publics/dist/plugins/global/fonts/keenicons/keenicons-outline﹖fzo4bm.eot]
[account.amgaka.com/publics/dist/plugins/global/fonts/keenicons/keenicons-outline﹖fzo4bm.ttf]
[account.amgaka.com/publics/dist/plugins/global/fonts/keenicons/keenicons-outline﹖fzo4bm.woff]
[account.amgaka.com/publics/dist/plugins/global/fonts/keenicons/keenicons-solid﹖812fv7.eot]
[account.amgaka.com/publics/dist/plugins/global/fonts/keenicons/keenicons-solid﹖812fv7.ttf]
[account.amgaka.com/publics/dist/plugins/global/fonts/keenicons/keenicons-solid﹖812fv7.woff]
[account.amgaka.com/publics/dist/plugins/global/fonts/line-awesome/la-brands-400.eot]
[account.amgaka.com/publics/dist/plugins/global/fonts/line-awesome/la-brands-400﹖.eot]
[account.amgaka.com/publics/dist/plugins/global/fonts/line-awesome/la-brands-400.woff2]
[account.amgaka.com/publics/dist/plugins/global/fonts/line-awesome/la-brands-400.woff]
[account.amgaka.com/publics/dist/plugins/global/fonts/line-awesome/la-brands-400.ttf]
[account.amgaka.com/publics/dist/plugins/global/fonts/line-awesome/la-regular-400.eot]
[account.amgaka.com/publics/dist/plugins/global/fonts/line-awesome/la-regular-400﹖.eot]
[account.amgaka.com/publics/dist/plugins/global/fonts/line-awesome/la-regular-400.woff2]
[account.amgaka.com/publics/dist/plugins/global/fonts/line-awesome/la-regular-400.woff]
[account.amgaka.com/publics/dist/plugins/global/fonts/line-awesome/la-regular-400.ttf]
[account.amgaka.com/publics/dist/plugins/global/fonts/line-awesome/la-solid-900.eot]
[account.amgaka.com/publics/dist/plugins/global/fonts/line-awesome/la-solid-900﹖.eot]
[account.amgaka.com/publics/dist/plugins/global/fonts/line-awesome/la-solid-900.woff2]
[account.amgaka.com/publics/dist/plugins/global/fonts/line-awesome/la-solid-900.woff]
[account.amgaka.com/publics/dist/plugins/global/fonts/line-awesome/la-solid-900.ttf]
[account.amgaka.com/publics/dist/plugins/global/fonts/bootstrap-icons/bootstrap-icons﹖24e3eb84d0bcaf83d77f904c78ac1f47.woff2]
[account.amgaka.com/publics/dist/plugins/global/fonts/bootstrap-icons/bootstrap-icons﹖24e3eb84d0bcaf83d77f904c78ac1f47.woff]
[account.amgaka.com/publics/dist/plugins/global/fonts/@fortawesome/fa-brands-400.woff2]
[account.amgaka.com/publics/dist/plugins/global/fonts/@fortawesome/fa-brands-400.ttf]
[account.amgaka.com/publics/dist/plugins/global/fonts/@fortawesome/fa-regular-400.woff2]
[account.amgaka.com/publics/dist/plugins/global/fonts/@fortawesome/fa-regular-400.ttf]
[account.amgaka.com/publics/dist/plugins/global/fonts/@fortawesome/fa-solid-900.woff2]
[account.amgaka.com/publics/dist/plugins/global/fonts/@fortawesome/fa-solid-900.ttf]
[account.amgaka.com/publics/dist/plugins/global/fonts/@fortawesome/fa-v4compatibility.woff2]
[account.amgaka.com/publics/dist/plugins/global/fonts/@fortawesome/fa-v4compatibility.ttf]
[account.amgaka.com/publics/dist/plugins/global/plugins.bundle.css]
[account.amgaka.com/publics/dist/media/patterns/header-bg-dark.png]
[account.amgaka.com/publics/dist/css/style.bundle.css]
[account.amgaka.com/publics/css/alertify.css]
[account.amgaka.com/publics/fonts/dropify.eot]
[account.amgaka.com/errorf005.html]
[account.amgaka.com/publics/fonts/dropify.woff]
[account.amgaka.com/errora8ae.html]
[account.amgaka.com/publics/fonts/dropify.ttf]
[account.amgaka.com/error336f.html]
[account.amgaka.com/publics/fonts/dropify.svg]
[account.amgaka.com/publics/css/dropify.css]
[account.amgaka.com/publics/css/waitMe.min.css]
[account.amgaka.com/publics/css/custom.css]
[account.amgaka.com/errorb543.html]
[account.amgaka.com/publics/dist/media/misc/heder-bg.png]
[account.amgaka.com/auth/password/reset0849.html]
[account.amgaka.com/error1e3a.html]
[account.amgaka.com/publics/dist/media/avatars/blank.png]
[account.amgaka.com/errore1f0.html]
[account.amgaka.com/auth/register/member.html]
[account.amgaka.com/auth/login0849.html]
[account.amgaka.com/auth/register/interpreter.html]
[account.amgaka.com/auth/login.html]
[account.amgaka.com/publics/dist/plugins/global/fonts/keenicons/keenicons-duotone﹖eut7fk.svg]
[account.amgaka.com/publics/dist/plugins/global/fonts/keenicons/keenicons-outline﹖fzo4bm.svg]
[account.amgaka.com/publics/dist/plugins/global/fonts/keenicons/keenicons-solid﹖812fv7.svg]
[account.amgaka.com/publics/dist/plugins/global/fonts/line-awesome/la-brands-400.svg]
[account.amgaka.com/publics/dist/plugins/global/fonts/line-awesome/la-regular-400.svg]
[account.amgaka.com/auth/login2479.html]
[account.amgaka.com/publics/dist/plugins/global/fonts/line-awesome/la-solid-900.svg]
[account.amgaka.com/publics/dist/media/auth/404-error.png]
[account.amgaka.com/publics/dist/media/auth/404-error-dark.png]
[account.amgaka.com/home]
[account.amgaka.com/errorf005.html]
[account.amgaka.com/errora8ae.html]
[account.amgaka.com/error336f.html]
[account.amgaka.com/errorb543.html]
[account.amgaka.com/error1e3a.html]
[account.amgaka.com/errore1f0.html]
[account.amgaka.com/auth/login0849.html]
[account.amgaka.com/auth/logind82a.html]
[account.amgaka.com/auth/login2479.html]
[account.amgaka.com/auth/logind82a.html]
[account.amgaka.com/auth/password/reset2479.html]
[account.amgaka.com/auth/password/reset2479.html]
