[amgaka.com/index.html]
[backblue.gif]
[fade.gif]
[index.html]
[amgaka.com/index.html]
[amgaka.com/en/index.html]
[amgaka.com/xmlrpc.php]
[amgaka.com/en/xmlrpc.php]
[amgaka.com/wp-content/uploads/2023/09/Amgaka-Logo_wide_1-scaled.jpg]
[amgaka.com/comments/feed/index.html]
[amgaka.com/feed/index.html]
[amgaka.com/wp-content/plugins/burst-statistics/helpers/timeme/timeme7dfc.js]
[amgaka.com/wp-content/plugins/burst-statistics/assets/js/build/burst7dfc.js]
[amgaka.com/wp-content/plugins/elementor/assets/lib/font-awesome/js/v4-shimsf3b2.js]
[amgaka.com/wp-content/plugins/weglot/dist/front-js4189.js]
[amgaka.com/wp-includes/js/jquery/jqueryf43b.js]
[amgaka.com/wp-includes/js/jquery/jquery-migrate5589.js]
[amgaka.com/wp-json/wp/v2/pages/150.json]
[amgaka.com/wp-json/index.html]
[amgaka.com/xmlrpc0db0.php]
[amgaka.com/en/xmlrpc0db0.php]
[amgaka.com/wp-json/oembed/1.0/embed6534.json]
[amgaka.com/wp-json/oembed/1.0/embed0677]
[amgaka.com/wp-content/uploads/2023/09/cropped-Amgaka-Logomark-scaled-1-32x32.jpg]
[amgaka.com/wp-content/uploads/2023/09/cropped-Amgaka-Logomark-scaled-1-192x192.jpg]
[amgaka.com/wp-content/uploads/2023/09/cropped-Amgaka-Logomark-scaled-1-180x180.jpg]
[amgaka.com/wp-content/uploads/2023/09/Amgaka-Logo_wide.png]
[amgaka.com/wp-content/uploads/2023/09/appstore.png]
[amgaka.com/wp-content/uploads/2023/09/googleplay.png]
[amgaka.com/abonnement/index.html]
[amgaka.com/wp-content/uploads/2023/09/Circle-bg.png]
[amgaka.com/wp-content/uploads/2023/10/Greek-150x150.png]
[amgaka.com/interpretes-pro/index.html]
[amgaka.com/passiones-de-langues/index.html]
[amgaka.com/a-propos-de-nous/index.html]
[amgaka.com/wp-content/uploads/2023/10/UK-150x150.png]
[amgaka.com/nous-contacter/index.html]
[amgaka.com/indexc215.html]
[amgaka.com/wp-content/uploads/2023/10/South-african_Xhosa-150x150.png]
[amgaka.com/wp-content/uploads/2023/10/Indian-150x150.png]
[amgaka.com/wp-content/uploads/2023/10/West-African-150x150.png]
[amgaka.com/wp-content/uploads/2023/10/French-150x150.png]
[amgaka.com/wp-content/uploads/2023/09/Get-started-1.png]
[amgaka.com/wp-content/uploads/2023/10/East-african-150x150.png]
[amgaka.com/a-propos-de-nous]
[amgaka.com/wp-content/uploads/2023/09/Interpreters-Profiles1.png]
[amgaka.com/wp-content/uploads/2023/09/shape.png]
[amgaka.com/faq]
[amgaka.com/wp-content/uploads/2023/09/Amgaka-Logo_wide_1.png]
[amgaka.com/nous-contacter]
[amgaka.com/faq/index.html]
[amgaka.com/privacy]
[amgaka.com/terms]
[amgaka.com/privacy/index.html]
[amgaka.com/terms/index.html]
[amgaka.com/wp-content/themes/hello-elementor/assets/js/hello-frontend8a54.js]
[amgaka.com/wp-content/plugins/elementor/assets/js/webpack.runtimef3b2.js]
[amgaka.com/wp-content/plugins/elementor/assets/js/frontend-modulesf3b2.js]
[amgaka.com/wp-content/plugins/elementor/assets/lib/waypoints/waypoints05da.js]
[amgaka.com/wp-includes/js/jquery/ui/core3f14.js]
[amgaka.com/wp-content/plugins/elementor/assets/js/frontendf3b2.js]
[amgaka.com/wp-content/plugins/jeg-elementor-kit/assets/js/elements/sticky-element61da.js]
[amgaka.com/wp-content/plugins/jeg-elementor-kit/assets/js/elements/nav-menu61da.js]
[amgaka.com/wp-content/plugins/jeg-elementor-kit/assets/js/elements/animated-text61da.js]
[amgaka.com/wp-content/plugins/jeg-elementor-kit/assets/js/elements/video-button61da.js]
[amgaka.com/indexe2f2.html]
[amgaka.com/wp-content/plugins/jeg-elementor-kit/assets/js/sweetalert2/sweetalert2.min430c.js]
[amgaka.com/wp-content/plugins/jeg-elementor-kit/assets/js/elements/fun-fact61da.js]
[amgaka.com/wp-content/plugins/jeg-elementor-kit/assets/js/elements/progress-bar61da.js]
[amgaka.com/wp-content/plugins/jeg-elementor-kit/assets/js/elements/accordion61da.js]
[amgaka.com/wp-content/plugins/jeg-elementor-kit/assets/js/elements/mailchimp61da.js]
[amgaka.com/wp-content/plugins/elementor-pro/assets/js/webpack-pro.runtimef3b2.js]
[amgaka.com/wp-includes/js/dist/vendor/wp-polyfill-inert0226.js]
[amgaka.com/wp-includes/js/dist/vendor/regenerator-runtime6c85.js]
[amgaka.com/wp-includes/js/dist/vendor/wp-polyfill2c7c.js]
[amgaka.com/wp-includes/js/dist/hooks016c.js]
[amgaka.com/wp-includes/js/dist/i18nd69d.js]
[amgaka.com/wp-content/plugins/elementor-pro/assets/js/frontendf3b2.js]
[amgaka.com/wp-content/plugins/elementor-pro/assets/js/elements-handlersf3b2.js]
[amgaka.com/en/index.html]
[amgaka.com/en/xmlrpc.html]
[amgaka.com/feed/index.html]
[amgaka.com/comments/feed/index.html]
[amgaka.com/wp-content/plugins/jeg-elementor-kit/assets/css/elements/main61da.css]
[amgaka.com/wp-content/plugins/header-footer-elementor/assets/css/header-footer-elementor4a8b.css]
[amgaka.com/wp-content/plugins/elementor/assets/lib/eicons/fonts/eicons080a.eot]
[amgaka.com/wp-content/plugins/elementor/assets/lib/eicons/fonts/eicons080a.woff2]
[amgaka.com/en/feed/index.html]
[amgaka.com/wp-content/plugins/elementor/assets/lib/eicons/fonts/eicons080a.woff]
[amgaka.com/en/comments/feed/index.html]
[amgaka.com/wp-content/plugins/elementor/assets/lib/eicons/fonts/eicons080a.ttf]
[amgaka.com/wp-content/plugins/elementor/assets/lib/eicons/css/elementor-icons7bb8.css]
[amgaka.com/wp-content/plugins/elementor/assets/css/frontendf3b2.css]
[amgaka.com/wp-content/plugins/elementor/assets/lib/swiper/v8/css/swiper94a4.css]
[amgaka.com/wp-content/uploads/elementor/css/post-123454b.css]
[amgaka.com/wp-content/plugins/elementor-pro/assets/css/frontendf3b2.css]
[amgaka.com/wp-content/uploads/2023/09/hero-bg.jpg]
[amgaka.com/wp-content/uploads/2023/09/Need-a-translator_2.png]
[amgaka.com/wp-content/uploads/2023/09/4858794.jpg]
[amgaka.com/wp-content/uploads/2023/09/girl-1.jpg]
[amgaka.com/wp-content/uploads/2023/09/Subscribe-to-newsletter-_2.png]
[amgaka.com/wp-content/uploads/elementor/css/post-150defd.css]
[amgaka.com/wp-content/plugins/header-footer-elementor/inc/widgets-css/frontend4a8b.css]
[amgaka.com/wp-content/plugins/elementor/assets/lib/font-awesome/webfonts/fa-brands-400.eot]
[amgaka.com/wp-content/plugins/elementor/assets/lib/font-awesome/webfonts/fa-brands-400d41d.eot]
[amgaka.com/wp-content/plugins/elementor/assets/lib/font-awesome/webfonts/fa-brands-400.woff2]
[amgaka.com/wp-content/plugins/elementor/assets/lib/font-awesome/webfonts/fa-brands-400.woff]
[amgaka.com/wp-content/plugins/elementor/assets/lib/font-awesome/webfonts/fa-brands-400.ttf]
[amgaka.com/wp-content/plugins/elementor/assets/lib/font-awesome/webfonts/fa-regular-400.eot]
[amgaka.com/wp-content/plugins/elementor/assets/lib/font-awesome/webfonts/fa-regular-400d41d.eot]
[amgaka.com/wp-content/plugins/elementor/assets/lib/font-awesome/webfonts/fa-regular-400.woff2]
[amgaka.com/wp-content/plugins/elementor/assets/lib/font-awesome/webfonts/fa-regular-400.woff]
[amgaka.com/wp-content/plugins/elementor/assets/lib/font-awesome/webfonts/fa-regular-400.ttf]
[amgaka.com/wp-content/plugins/elementor/assets/lib/font-awesome/webfonts/fa-solid-900.eot]
[amgaka.com/wp-content/plugins/elementor/assets/lib/font-awesome/webfonts/fa-solid-900d41d.eot]
[amgaka.com/wp-content/plugins/elementor/assets/lib/font-awesome/webfonts/fa-solid-900.woff2]
[amgaka.com/wp-content/plugins/elementor/assets/lib/font-awesome/webfonts/fa-solid-900.woff]
[amgaka.com/wp-content/plugins/elementor/assets/lib/font-awesome/webfonts/fa-solid-900.ttf]
[amgaka.com/wp-content/plugins/elementor/assets/lib/font-awesome/css/allf3b2.css]
[amgaka.com/wp-content/plugins/elementor/assets/lib/font-awesome/css/v4-shimsf3b2.css]
[amgaka.com/wp-content/uploads/elementor/css/post-126454b.css]
[amgaka.com/wp-content/uploads/elementor/css/post-134454b.css]
[amgaka.com/wp-content/plugins/weglot/dist/images/wgarrowdown.png]
[amgaka.com/wp-content/plugins/weglot/dist/images/rect_mate.png]
[amgaka.com/wp-content/plugins/weglot/dist/images/rect_bright.png]
[amgaka.com/wp-content/plugins/weglot/dist/images/square_flag.png]
[amgaka.com/wp-content/plugins/weglot/dist/images/circular_flag.png]
[amgaka.com/wp-content/plugins/weglot/dist/css/front-css4189.css]
[amgaka.com/wp-content/plugins/weglot/app/styles/new-flags4189.css]
[amgaka.com/wp-content/plugins/metform/public/assets/css/text-editorcd70.css]
[amgaka.com/wp-content/themes/hello-elementor/style1102.css]
[amgaka.com/wp-content/themes/hello-elementor/theme1102.css]
[amgaka.com/wp-content/plugins/elementor/assets/lib/font-awesome/css/fontawesome52d5.css]
[amgaka.com/wp-content/plugins/elementor/assets/lib/font-awesome/css/solid52d5.css]
[amgaka.com/wp-content/plugins/jeg-elementor-kit/assets/fonts/jkiticon/jkiticon7107.eot]
[amgaka.com/wp-content/plugins/jeg-elementor-kit/assets/fonts/jkiticon/jkiticon7107.woff2]
[amgaka.com/wp-content/plugins/jeg-elementor-kit/assets/fonts/jkiticon/jkiticon7107.woff]
[amgaka.com/wp-content/plugins/jeg-elementor-kit/assets/fonts/jkiticon/jkiticon7107.ttf]
[amgaka.com/wp-content/plugins/jeg-elementor-kit/assets/fonts/jkiticon/jkiticon61da.css]
[amgaka.com/en/xmlrpc0db0.html]
[amgaka.com/interpretes-pro/index.html]
[amgaka.com/passiones-de-langues/index.html]
[amgaka.com/en/interpretes-pro/index.html]
[amgaka.com/abonnement/index.html]
[amgaka.com/a-propos-de-nous/index.html]
[amgaka.com/en/abonnement/index.html]
[amgaka.com/nous-contacter/index.html]
[amgaka.com/en/passiones-de-langues/index.html]
[amgaka.com/indexc215.html]
[amgaka.com/a-propos-de-nous.html]
[amgaka.com/en/a-propos-de-nous/index.html]
[amgaka.com/en/nous-contacter/index.html]
[amgaka.com/wp-json/wp/v2/pages/182.json]
[amgaka.com/wp-json/oembed/1.0/embedd440.json]
[amgaka.com/index7b17.html]
[amgaka.com/faq/index.html]
[amgaka.com/nous-contacter.html]
[amgaka.com/wp-json/oembed/1.0/embed9d34]
[amgaka.com/en/faq/index60fb.html]
[amgaka.com/en/faq/index.html]
[amgaka.com/wp-json/wp/v2/pages/167.json]
[amgaka.com/wp-json/oembed/1.0/embede279.json]
[amgaka.com/index3350.html]
[amgaka.com/privacy/index.html]
[amgaka.com/wp-json/oembed/1.0/embedba55]
[amgaka.com/en/privacy/index60fb.html]
[amgaka.com/wp-json/wp/v2/pages/169.json]
[amgaka.com/wp-json/oembed/1.0/embed36b8.json]
[amgaka.com/en/privacy/index.html]
[amgaka.com/indexff23.html]
[amgaka.com/terms/index.html]
[amgaka.com/wp-content/plugins/jeg-elementor-kit/lib/jeg-framework/assets/css/jeg-dynamic-styles6f3e.css]
[amgaka.com/wp-content/plugins/jeg-elementor-kit/assets/js/sweetalert2/sweetalert2.min430c.css]
[amgaka.com/wp-content/plugins/elementor/assets/lib/animations/animations.minf3b2.css]
[amgaka.com/indexe2f2.html]
[amgaka.com/wp-content/plugins/jeg-elementor-kit/assets/img/letter-x.svg]
[amgaka.com/wp-content/plugins/elementor/assets/lib/eicons/fonts/eicons080a.svg]
[amgaka.com/wp-content/plugins/elementor/assets/lib/font-awesome/webfonts/fa-brands-400.svg]
[amgaka.com/wp-content/plugins/elementor/assets/lib/font-awesome/webfonts/fa-regular-400.svg]
[amgaka.com/wp-json/oembed/1.0/embed0e09]
[amgaka.com/wp-content/plugins/elementor/assets/lib/font-awesome/webfonts/fa-solid-900.svg]
[amgaka.com/en/terms/index.html]
[amgaka.com/wp-content/plugins/jeg-elementor-kit/assets/fonts/jkiticon/jkiticon7107.svg]
[amgaka.com/en/terms/index60fb.html]
[amgaka.com/wp-content/uploads/2023/09/Amgaka-iPhone-Mockup_1-1.png]
[amgaka.com/wp-json/wp/v2/pages/626.json]
[amgaka.com/indexe90e.html]
[amgaka.com/wp-json/oembed/1.0/embed658c.json]
[amgaka.com/en/interpretes-pro/index.html]
[amgaka.com/wp-json/oembed/1.0/embede295]
[amgaka.com/interpretes-pro/indexc215.html]
[amgaka.com/wp-content/uploads/2023/09/Amgaka_Asian-Translator.png]
[amgaka.com/wp-json/wp/v2/pages/765.json]
[amgaka.com/index6215.html]
[amgaka.com/wp-json/oembed/1.0/embed1fcd.json]
[amgaka.com/en/passiones-de-langues/index.html]
[amgaka.com/wp-json/oembed/1.0/embed2614]
[amgaka.com/passiones-de-langues/indexc215.html]
[amgaka.com/wp-json/wp/v2/pages/787.json]
[amgaka.com/index3f90.html]
[amgaka.com/wp-json/oembed/1.0/embed5899.json]
[amgaka.com/en/abonnement/index.html]
[amgaka.com/wp-json/oembed/1.0/embede3d5]
[amgaka.com/wp-content/uploads/2023/09/About-Amgaka_1-1.png]
[amgaka.com/abonnement/indexc215.html]
[amgaka.com/wp-json/wp/v2/pages/155.json]
[amgaka.com/index43b2.html]
[amgaka.com/wp-json/oembed/1.0/embed900d.json]
[amgaka.com/wp-json/oembed/1.0/embedb6ec]
[amgaka.com/wp-content/uploads/2023/09/Request-500x1024.png]
[amgaka.com/a-propos-de-nous/indexc215.html]
[amgaka.com/wp-content/uploads/2023/09/Profile-Image.png]
[amgaka.com/wp-content/plugins/jeg-elementor-kit/assets/js/elements/testimonials61da.js]
[amgaka.com/wp-content/plugins/jeg-elementor-kit/assets/js/tiny-slider/tiny-sliderf342.js]
[amgaka.com/en/a-propos-de-nous/index.html]
[amgaka.com/wp-json/wp/v2/pages/157.json]
[amgaka.com/wp-json/oembed/1.0/embed1648.json]
[amgaka.com/index5791.html]
[amgaka.com/wp-json/oembed/1.0/embedf061]
[amgaka.com/nous-contacter/indexc215.html]
[amgaka.com/wp-content/plugins/metform/public/assets/js/htmcd70.js]
[amgaka.com/wp-includes/js/dist/development/react-refresh-runtime083c.js]
[amgaka.com/wp-includes/js/dist/development/react-refresh-entryc453.js]
[amgaka.com/wp-includes/js/dist/vendor/react7a3b.js]
[amgaka.com/wp-includes/js/dist/vendor/react-dom7a3b.js]
[amgaka.com/wp-includes/js/dist/escape-html04f7.js]
[amgaka.com/wp-includes/js/dist/elementea4d.js]
[amgaka.com/wp-content/plugins/metform/public/assets/js/appcd70.js]
[amgaka.com/en/nous-contacter/index.html]
[amgaka.com/wp-content/uploads/elementor/css/post-182e2d0.css]
[amgaka.com/index7b17.html]
[amgaka.com/en/faq/index.html]
[amgaka.com/en/faq/index60fb.html]
[amgaka.com/wp-content/uploads/elementor/css/post-16780c4.css]
[amgaka.com/index3350.html]
[amgaka.com/en/privacy/index.html]
[amgaka.com/en/privacy/index60fb.html]
[amgaka.com/wp-content/uploads/elementor/css/post-169968d.css]
[amgaka.com/indexff23.html]
[amgaka.com/en/terms/index.html]
[amgaka.com/faq/indexc215.html]
[amgaka.com/en/terms/index60fb.html]
[amgaka.com/wp-content/uploads/elementor/css/post-6266682.css]
[amgaka.com/indexe90e.html]
[amgaka.com/interpretes-pro/indexc215.html]
[amgaka.com/terms/indexc215.html]
[amgaka.com/privacy/indexc215.html]
[amgaka.com/wp-content/uploads/2023/09/Need-a-translator_1-1.png]
[amgaka.com/wp-content/uploads/elementor/css/post-76525f0.css]
[amgaka.com/index6215.html]
[amgaka.com/passiones-de-langues/indexc215.html]
[amgaka.com/wp-content/uploads/elementor/css/post-787460f.css]
[amgaka.com/index3f90.html]
[amgaka.com/abonnement/indexc215.html]
[amgaka.com/wp-content/uploads/2023/09/Amgaka_Chinese-Translator_1.png]
[amgaka.com/wp-content/uploads/2023/09/OJO4YQ0.jpg]
[amgaka.com/wp-content/uploads/elementor/css/post-15541de.css]
[amgaka.com/index43b2.html]
[amgaka.com/a-propos-de-nous/indexc215.html]
[amgaka.com/wp-content/plugins/jeg-elementor-kit/assets/js/tiny-slider/tiny-sliderf342.css]
[amgaka.com/wp-content/uploads/2023/09/couple.jpg]
[amgaka.com/wp-content/uploads/elementor/css/post-1571ae4.css]
[amgaka.com/index5791.html]
[amgaka.com/nous-contacter/indexc215.html]
[amgaka.com/wp-content/uploads/elementor/css/post-4351ae4.css]
[amgaka.com/wp-content/plugins/metform/public/assets/css/metform-uicd70.css]
[amgaka.com/wp-content/plugins/metform/public/assets/css/stylecd70.css]
[amgaka.com/faq/indexc215.html]
[amgaka.com/privacy/indexc215.html]
[amgaka.com/terms/indexc215.html]
